// Jest Snapshot v1, https://goo.gl/fbAQLP

exports[`<Main /> Should render the heading 1`] = `
.c0 {
  background-color: #06092b;
  color: #fff;
  width: 100%;
  height: 100%;
  text-align: center;
  display: -webkit-box;
  display: -webkit-flex;
  display: -ms-flexbox;
  display: flex;
  -webkit-flex-direction: column;
  -ms-flex-direction: column;
  flex-direction: column;
  -webkit-align-items: center;
  -webkit-box-align: center;
  -ms-flex-align: center;
  align-items: center;
  -webkit-box-pack: center;
  -webkit-justify-content: center;
  -ms-flex-pack: center;
  justify-content: center;
  padding: 3rem;
}

.c1 {
  width: 25rem;
  margin-bottom: 2rem;
}

.c2 {
  font-size: 2.5rem;
}

.c3 {
  font-size: 2rem;
  font-weight: 400;
}

.c4 {
  width: min(40rem,100%);
  margin-top: 2.5rem;
  display: -webkit-box;
  display: -webkit-flex;
  display: -ms-flexbox;
  display: flex;
  -webkit-align-items: center;
  -webkit-box-align: center;
  -ms-flex-align: center;
  align-items: center;
  -webkit-box-pack: justify;
  -webkit-justify-content: space-between;
  -ms-flex-pack: justify;
  justify-content: space-between;
}

.c5 {
  width: 5rem;
}

<main
  class="c0"
>
  <img
    alt="logo"
    class="c1"
    src="/img/code.svg"
  />
  <h1
    class="c2"
  >
    Boilerplate
  </h1>
  <h2
    class="c3"
  >
    TypeScript, ReactJS, NextJS and Styled Components
  </h2>
  <article
    class="c4"
  >
    <img
      alt="logo"
      class="c5"
      src="/img/ts.svg"
    />
    <img
      alt="logo"
      class="c5"
      src="/img/react.svg"
    />
    <img
      alt="logo"
      class="c5"
      src="/img/next.svg"
    />
    <img
      alt="logo"
      class="c5"
      src="/img/storybook.png"
    />
    <img
      alt="logo"
      class="c5"
      src="/img/sc.png"
    />
  </article>
</main>
`;
